// Jest Snapshot v1, https://goo.gl/fbAQLP

exports[`ArticlesList should render 1`] = `
Array [
  <div
    style={
      Object {
        "fontSize": 14,
        "fontWeight": "bold",
      }
    }
  />,
  <div
    style={
      Object {
        "color": "#c1c1c1",
        "fontSize": 11,
      }
    }
  >
    Invalid Date
  </div>,
  <a>
     
  </a>,
  <div
    style={
      Object {
        "padding": 5,
      }
    }
  />,
  <hr />,
]
`;
